// Jest Snapshot v1, https://goo.gl/fbAQLP

exports[`AlbumCard should render without crashing 1`] = `
ShallowWrapper {
  "length": 1,
  Symbol(enzyme.__root__): [Circular],
  Symbol(enzyme.__unrendered__): <AlbumCard
    artists={
        Array [
            Object {
              "name": "Artist #1",
            },
          ]
    }
    available_markets={
        Array [
            "BR",
          ]
    }
    details={[Function]}
    href="https://some.redirect/url"
    images={
        Array [
            Object {
              "url": "https://some.img/url",
            },
          ]
    }
    name="My Album"
/>,
  Symbol(enzyme.__renderer__): Object {
    "batchedUpdates": [Function],
    "getNode": [Function],
    "render": [Function],
    "simulateEvent": [Function],
    "unmount": [Function],
  },
  Symbol(enzyme.__node__): Object {
    "instance": null,
    "key": undefined,
    "nodeType": "host",
    "props": Object {
      "children": Array [
        <Connect(Component)
          item={undefined}
          list="album"
/>,
        <Image
          alt="album"
          url="https://some.img/url"
/>,
        <div
          className="albumCard__info"
>
          <div
                    className="albumCard__info__title"
          >
                    <AttributeField
                              label={null}
                              text="My Album"
                    />
          </div>
          <div
                    className="albumCard__info__extra"
          >
                    <AttributeField
                              label="Artist"
                              text="Artist #1"
                    />
                    <AttributeField
                              label="Market Availability"
                              text="Available in your country"
                    />
          </div>
          <div
                    className="albumCard__info__actions"
          >
                    <Button
                              modifier=""
                              onClick={[Function]}
                    >
                              MORE DETAILS
                    </Button>
          </div>
</div>,
      ],
      "className": "albumCard",
    },
    "ref": null,
    "rendered": Array [
      Object {
        "instance": null,
        "key": undefined,
        "nodeType": "class",
        "props": Object {
          "item": undefined,
          "list": "album",
        },
        "ref": null,
        "rendered": null,
        "type": [Function],
      },
      Object {
        "instance": null,
        "key": undefined,
        "nodeType": "function",
        "props": Object {
          "alt": "album",
          "url": "https://some.img/url",
        },
        "ref": null,
        "rendered": null,
        "type": [Function],
      },
      Object {
        "instance": null,
        "key": undefined,
        "nodeType": "host",
        "props": Object {
          "children": Array [
            <div
              className="albumCard__info__title"
>
              <AttributeField
                            label={null}
                            text="My Album"
              />
</div>,
            <div
              className="albumCard__info__extra"
>
              <AttributeField
                            label="Artist"
                            text="Artist #1"
              />
              <AttributeField
                            label="Market Availability"
                            text="Available in your country"
              />
</div>,
            <div
              className="albumCard__info__actions"
>
              <Button
                            modifier=""
                            onClick={[Function]}
              >
                            MORE DETAILS
              </Button>
</div>,
          ],
          "className": "albumCard__info",
        },
        "ref": null,
        "rendered": Array [
          Object {
            "instance": null,
            "key": undefined,
            "nodeType": "host",
            "props": Object {
              "children": <AttributeField
                label={null}
                text="My Album"
/>,
              "className": "albumCard__info__title",
            },
            "ref": null,
            "rendered": Object {
              "instance": null,
              "key": undefined,
              "nodeType": "function",
              "props": Object {
                "label": null,
                "text": "My Album",
              },
              "ref": null,
              "rendered": null,
              "type": [Function],
            },
            "type": "div",
          },
          Object {
            "instance": null,
            "key": undefined,
            "nodeType": "host",
            "props": Object {
              "children": Array [
                <AttributeField
                  label="Artist"
                  text="Artist #1"
/>,
                <AttributeField
                  label="Market Availability"
                  text="Available in your country"
/>,
              ],
              "className": "albumCard__info__extra",
            },
            "ref": null,
            "rendered": Array [
              Object {
                "instance": null,
                "key": undefined,
                "nodeType": "function",
                "props": Object {
                  "label": "Artist",
                  "text": "Artist #1",
                },
                "ref": null,
                "rendered": null,
                "type": [Function],
              },
              Object {
                "instance": null,
                "key": undefined,
                "nodeType": "function",
                "props": Object {
                  "label": "Market Availability",
                  "text": "Available in your country",
                },
                "ref": null,
                "rendered": null,
                "type": [Function],
              },
            ],
            "type": "div",
          },
          Object {
            "instance": null,
            "key": undefined,
            "nodeType": "host",
            "props": Object {
              "children": <Button
                modifier=""
                onClick={[Function]}
>
                MORE DETAILS
</Button>,
              "className": "albumCard__info__actions",
            },
            "ref": null,
            "rendered": Object {
              "instance": null,
              "key": undefined,
              "nodeType": "function",
              "props": Object {
                "children": "MORE DETAILS",
                "modifier": "",
                "onClick": [Function],
              },
              "ref": null,
              "rendered": "MORE DETAILS",
              "type": [Function],
            },
            "type": "div",
          },
        ],
        "type": "div",
      },
    ],
    "type": "div",
  },
  Symbol(enzyme.__nodes__): Array [
    Object {
      "instance": null,
      "key": undefined,
      "nodeType": "host",
      "props": Object {
        "children": Array [
          <Connect(Component)
            item={undefined}
            list="album"
/>,
          <Image
            alt="album"
            url="https://some.img/url"
/>,
          <div
            className="albumCard__info"
>
            <div
                        className="albumCard__info__title"
            >
                        <AttributeField
                                    label={null}
                                    text="My Album"
                        />
            </div>
            <div
                        className="albumCard__info__extra"
            >
                        <AttributeField
                                    label="Artist"
                                    text="Artist #1"
                        />
                        <AttributeField
                                    label="Market Availability"
                                    text="Available in your country"
                        />
            </div>
            <div
                        className="albumCard__info__actions"
            >
                        <Button
                                    modifier=""
                                    onClick={[Function]}
                        >
                                    MORE DETAILS
                        </Button>
            </div>
</div>,
        ],
        "className": "albumCard",
      },
      "ref": null,
      "rendered": Array [
        Object {
          "instance": null,
          "key": undefined,
          "nodeType": "class",
          "props": Object {
            "item": undefined,
            "list": "album",
          },
          "ref": null,
          "rendered": null,
          "type": [Function],
        },
        Object {
          "instance": null,
          "key": undefined,
          "nodeType": "function",
          "props": Object {
            "alt": "album",
            "url": "https://some.img/url",
          },
          "ref": null,
          "rendered": null,
          "type": [Function],
        },
        Object {
          "instance": null,
          "key": undefined,
          "nodeType": "host",
          "props": Object {
            "children": Array [
              <div
                className="albumCard__info__title"
>
                <AttributeField
                                label={null}
                                text="My Album"
                />
</div>,
              <div
                className="albumCard__info__extra"
>
                <AttributeField
                                label="Artist"
                                text="Artist #1"
                />
                <AttributeField
                                label="Market Availability"
                                text="Available in your country"
                />
</div>,
              <div
                className="albumCard__info__actions"
>
                <Button
                                modifier=""
                                onClick={[Function]}
                >
                                MORE DETAILS
                </Button>
</div>,
            ],
            "className": "albumCard__info",
          },
          "ref": null,
          "rendered": Array [
            Object {
              "instance": null,
              "key": undefined,
              "nodeType": "host",
              "props": Object {
                "children": <AttributeField
                  label={null}
                  text="My Album"
/>,
                "className": "albumCard__info__title",
              },
              "ref": null,
              "rendered": Object {
                "instance": null,
                "key": undefined,
                "nodeType": "function",
                "props": Object {
                  "label": null,
                  "text": "My Album",
                },
                "ref": null,
                "rendered": null,
                "type": [Function],
              },
              "type": "div",
            },
            Object {
              "instance": null,
              "key": undefined,
              "nodeType": "host",
              "props": Object {
                "children": Array [
                  <AttributeField
                    label="Artist"
                    text="Artist #1"
/>,
                  <AttributeField
                    label="Market Availability"
                    text="Available in your country"
/>,
                ],
                "className": "albumCard__info__extra",
              },
              "ref": null,
              "rendered": Array [
                Object {
                  "instance": null,
                  "key": undefined,
                  "nodeType": "function",
                  "props": Object {
                    "label": "Artist",
                    "text": "Artist #1",
                  },
                  "ref": null,
                  "rendered": null,
                  "type": [Function],
                },
                Object {
                  "instance": null,
                  "key": undefined,
                  "nodeType": "function",
                  "props": Object {
                    "label": "Market Availability",
                    "text": "Available in your country",
                  },
                  "ref": null,
                  "rendered": null,
                  "type": [Function],
                },
              ],
              "type": "div",
            },
            Object {
              "instance": null,
              "key": undefined,
              "nodeType": "host",
              "props": Object {
                "children": <Button
                  modifier=""
                  onClick={[Function]}
>
                  MORE DETAILS
</Button>,
                "className": "albumCard__info__actions",
              },
              "ref": null,
              "rendered": Object {
                "instance": null,
                "key": undefined,
                "nodeType": "function",
                "props": Object {
                  "children": "MORE DETAILS",
                  "modifier": "",
                  "onClick": [Function],
                },
                "ref": null,
                "rendered": "MORE DETAILS",
                "type": [Function],
              },
              "type": "div",
            },
          ],
          "type": "div",
        },
      ],
      "type": "div",
    },
  ],
  Symbol(enzyme.__options__): Object {
    "adapter": ReactSixteenAdapter {
      "options": Object {
        "enableComponentDidUpdateOnSetState": true,
      },
    },
    "disableLifecycleMethods": true,
  },
}
`;
