// Jest Snapshot v1, https://goo.gl/fbAQLP

exports[`Button should render without crashing 1`] = `
ShallowWrapper {
  "length": 1,
  Symbol(enzyme.__root__): [Circular],
  Symbol(enzyme.__unrendered__): <Button
    modifier=""
    onClick={[Function]}
>
    CLICK ME
</Button>,
  Symbol(enzyme.__renderer__): Object {
    "batchedUpdates": [Function],
    "getNode": [Function],
    "render": [Function],
    "simulateEvent": [Function],
    "unmount": [Function],
  },
  Symbol(enzyme.__node__): Object {
    "instance": null,
    "key": undefined,
    "nodeType": "host",
    "props": Object {
      "children": Array [
        "CLICK ME",
        <e
          background={true}
          duration={1000}
          hasTouch={undefined}
          opacity={0.25}
          radius={150}
          recenter={true}
/>,
      ],
      "className": "uiButton ",
      "onClick": [Function],
    },
    "ref": null,
    "rendered": Array [
      "CLICK ME",
      Object {
        "instance": null,
        "key": undefined,
        "nodeType": "class",
        "props": Object {
          "background": true,
          "duration": 1000,
          "hasTouch": undefined,
          "opacity": 0.25,
          "radius": 150,
          "recenter": true,
        },
        "ref": null,
        "rendered": null,
        "type": [Function],
      },
    ],
    "type": "button",
  },
  Symbol(enzyme.__nodes__): Array [
    Object {
      "instance": null,
      "key": undefined,
      "nodeType": "host",
      "props": Object {
        "children": Array [
          "CLICK ME",
          <e
            background={true}
            duration={1000}
            hasTouch={undefined}
            opacity={0.25}
            radius={150}
            recenter={true}
/>,
        ],
        "className": "uiButton ",
        "onClick": [Function],
      },
      "ref": null,
      "rendered": Array [
        "CLICK ME",
        Object {
          "instance": null,
          "key": undefined,
          "nodeType": "class",
          "props": Object {
            "background": true,
            "duration": 1000,
            "hasTouch": undefined,
            "opacity": 0.25,
            "radius": 150,
            "recenter": true,
          },
          "ref": null,
          "rendered": null,
          "type": [Function],
        },
      ],
      "type": "button",
    },
  ],
  Symbol(enzyme.__options__): Object {
    "adapter": ReactSixteenAdapter {
      "options": Object {
        "enableComponentDidUpdateOnSetState": true,
      },
    },
    "disableLifecycleMethods": true,
  },
}
`;
